// Jest Snapshot v1, https://goo.gl/fbAQLP

exports[`VideoPlayer Component should match snapshot 1`] = `
ShallowWrapper {
  Symbol(enzyme.__root__): [Circular],
  Symbol(enzyme.__unrendered__): <VideoPlayer
    match={
      Object {
        "params": Object {
          "id": 1,
        },
      }
    }
  />,
  Symbol(enzyme.__renderer__): Object {
    "batchedUpdates": [Function],
    "checkPropTypes": [Function],
    "getNode": [Function],
    "render": [Function],
    "simulateError": [Function],
    "simulateEvent": [Function],
    "unmount": [Function],
  },
  Symbol(enzyme.__node__): Object {
    "instance": null,
    "key": undefined,
    "nodeType": "host",
    "props": Object {
      "children": <div
        className="container"
      >
        <div
          className="columns"
        >
          <div
            className="column is-8 is-offset-2"
          >
            <div
              className="video-container"
            >
              <iframe
                src="https://www.youtube.com/embed/1"
                title="video"
              />
            </div>
          </div>
        </div>
      </div>,
      "className": "section",
    },
    "ref": null,
    "rendered": Object {
      "instance": null,
      "key": undefined,
      "nodeType": "host",
      "props": Object {
        "children": <div
          className="columns"
        >
          <div
            className="column is-8 is-offset-2"
          >
            <div
              className="video-container"
            >
              <iframe
                src="https://www.youtube.com/embed/1"
                title="video"
              />
            </div>
          </div>
        </div>,
        "className": "container",
      },
      "ref": null,
      "rendered": Object {
        "instance": null,
        "key": undefined,
        "nodeType": "host",
        "props": Object {
          "children": <div
            className="column is-8 is-offset-2"
          >
            <div
              className="video-container"
            >
              <iframe
                src="https://www.youtube.com/embed/1"
                title="video"
              />
            </div>
          </div>,
          "className": "columns",
        },
        "ref": null,
        "rendered": Object {
          "instance": null,
          "key": undefined,
          "nodeType": "host",
          "props": Object {
            "children": <div
              className="video-container"
            >
              <iframe
                src="https://www.youtube.com/embed/1"
                title="video"
              />
            </div>,
            "className": "column is-8 is-offset-2",
          },
          "ref": null,
          "rendered": Object {
            "instance": null,
            "key": undefined,
            "nodeType": "host",
            "props": Object {
              "children": <iframe
                src="https://www.youtube.com/embed/1"
                title="video"
              />,
              "className": "video-container",
            },
            "ref": null,
            "rendered": Object {
              "instance": null,
              "key": undefined,
              "nodeType": "host",
              "props": Object {
                "src": "https://www.youtube.com/embed/1",
                "title": "video",
              },
              "ref": null,
              "rendered": null,
              "type": "iframe",
            },
            "type": "div",
          },
          "type": "div",
        },
        "type": "div",
      },
      "type": "div",
    },
    "type": "section",
  },
  Symbol(enzyme.__nodes__): Array [
    Object {
      "instance": null,
      "key": undefined,
      "nodeType": "host",
      "props": Object {
        "children": <div
          className="container"
        >
          <div
            className="columns"
          >
            <div
              className="column is-8 is-offset-2"
            >
              <div
                className="video-container"
              >
                <iframe
                  src="https://www.youtube.com/embed/1"
                  title="video"
                />
              </div>
            </div>
          </div>
        </div>,
        "className": "section",
      },
      "ref": null,
      "rendered": Object {
        "instance": null,
        "key": undefined,
        "nodeType": "host",
        "props": Object {
          "children": <div
            className="columns"
          >
            <div
              className="column is-8 is-offset-2"
            >
              <div
                className="video-container"
              >
                <iframe
                  src="https://www.youtube.com/embed/1"
                  title="video"
                />
              </div>
            </div>
          </div>,
          "className": "container",
        },
        "ref": null,
        "rendered": Object {
          "instance": null,
          "key": undefined,
          "nodeType": "host",
          "props": Object {
            "children": <div
              className="column is-8 is-offset-2"
            >
              <div
                className="video-container"
              >
                <iframe
                  src="https://www.youtube.com/embed/1"
                  title="video"
                />
              </div>
            </div>,
            "className": "columns",
          },
          "ref": null,
          "rendered": Object {
            "instance": null,
            "key": undefined,
            "nodeType": "host",
            "props": Object {
              "children": <div
                className="video-container"
              >
                <iframe
                  src="https://www.youtube.com/embed/1"
                  title="video"
                />
              </div>,
              "className": "column is-8 is-offset-2",
            },
            "ref": null,
            "rendered": Object {
              "instance": null,
              "key": undefined,
              "nodeType": "host",
              "props": Object {
                "children": <iframe
                  src="https://www.youtube.com/embed/1"
                  title="video"
                />,
                "className": "video-container",
              },
              "ref": null,
              "rendered": Object {
                "instance": null,
                "key": undefined,
                "nodeType": "host",
                "props": Object {
                  "src": "https://www.youtube.com/embed/1",
                  "title": "video",
                },
                "ref": null,
                "rendered": null,
                "type": "iframe",
              },
              "type": "div",
            },
            "type": "div",
          },
          "type": "div",
        },
        "type": "div",
      },
      "type": "section",
    },
  ],
  Symbol(enzyme.__options__): Object {
    "adapter": ReactSixteenAdapter {
      "options": Object {
        "enableComponentDidUpdateOnSetState": true,
        "legacyContextMode": "parent",
        "lifecycles": Object {
          "componentDidUpdate": Object {
            "onSetState": true,
          },
          "getChildContext": Object {
            "calledByRenderer": false,
          },
          "getDerivedStateFromProps": true,
          "getSnapshotBeforeUpdate": true,
          "setState": Object {
            "skipsComponentDidUpdateOnNullish": true,
          },
        },
      },
    },
  },
}
`;
